Archive member included to satisfy reference by file (symbol)

e:/ch32_project/mounriver_studio2/resources/app/resources/win32/components/wch/toolchain/risc-v embedded gcc/bin/../lib/gcc/riscv-none-embed/8.2.0/../../../../riscv-none-embed/lib/rv32imacxw/ilp32\libprintfloat.a(printfloat.o)
                              ./Drivers/BSP/ESP12F/esp8266.o (sprintf)
e:/ch32_project/mounriver_studio2/resources/app/resources/win32/components/wch/toolchain/risc-v embedded gcc/bin/../lib/gcc/riscv-none-embed/8.2.0/rv32imacxw/ilp32\libgcc.a(_udivdi3.o)
                              e:/ch32_project/mounriver_studio2/resources/app/resources/win32/components/wch/toolchain/risc-v embedded gcc/bin/../lib/gcc/riscv-none-embed/8.2.0/../../../../riscv-none-embed/lib/rv32imacxw/ilp32\libprintfloat.a(printfloat.o) (__udivdi3)
e:/ch32_project/mounriver_studio2/resources/app/resources/win32/components/wch/toolchain/risc-v embedded gcc/bin/../lib/gcc/riscv-none-embed/8.2.0/rv32imacxw/ilp32\libgcc.a(_umoddi3.o)
                              e:/ch32_project/mounriver_studio2/resources/app/resources/win32/components/wch/toolchain/risc-v embedded gcc/bin/../lib/gcc/riscv-none-embed/8.2.0/../../../../riscv-none-embed/lib/rv32imacxw/ilp32\libprintfloat.a(printfloat.o) (__umoddi3)
e:/ch32_project/mounriver_studio2/resources/app/resources/win32/components/wch/toolchain/risc-v embedded gcc/bin/../lib/gcc/riscv-none-embed/8.2.0/rv32imacxw/ilp32\libgcc.a(ledf2.o)
                              e:/ch32_project/mounriver_studio2/resources/app/resources/win32/components/wch/toolchain/risc-v embedded gcc/bin/../lib/gcc/riscv-none-embed/8.2.0/../../../../riscv-none-embed/lib/rv32imacxw/ilp32\libprintfloat.a(printfloat.o) (__ltdf2)
e:/ch32_project/mounriver_studio2/resources/app/resources/win32/components/wch/toolchain/risc-v embedded gcc/bin/../lib/gcc/riscv-none-embed/8.2.0/rv32imacxw/ilp32\libgcc.a(muldf3.o)
                              e:/ch32_project/mounriver_studio2/resources/app/resources/win32/components/wch/toolchain/risc-v embedded gcc/bin/../lib/gcc/riscv-none-embed/8.2.0/../../../../riscv-none-embed/lib/rv32imacxw/ilp32\libprintfloat.a(printfloat.o) (__muldf3)
e:/ch32_project/mounriver_studio2/resources/app/resources/win32/components/wch/toolchain/risc-v embedded gcc/bin/../lib/gcc/riscv-none-embed/8.2.0/rv32imacxw/ilp32\libgcc.a(subdf3.o)
                              e:/ch32_project/mounriver_studio2/resources/app/resources/win32/components/wch/toolchain/risc-v embedded gcc/bin/../lib/gcc/riscv-none-embed/8.2.0/../../../../riscv-none-embed/lib/rv32imacxw/ilp32\libprintfloat.a(printfloat.o) (__subdf3)
e:/ch32_project/mounriver_studio2/resources/app/resources/win32/components/wch/toolchain/risc-v embedded gcc/bin/../lib/gcc/riscv-none-embed/8.2.0/rv32imacxw/ilp32\libgcc.a(fixdfdi.o)
                              e:/ch32_project/mounriver_studio2/resources/app/resources/win32/components/wch/toolchain/risc-v embedded gcc/bin/../lib/gcc/riscv-none-embed/8.2.0/../../../../riscv-none-embed/lib/rv32imacxw/ilp32\libprintfloat.a(printfloat.o) (__fixdfdi)
e:/ch32_project/mounriver_studio2/resources/app/resources/win32/components/wch/toolchain/risc-v embedded gcc/bin/../lib/gcc/riscv-none-embed/8.2.0/rv32imacxw/ilp32\libgcc.a(floatdidf.o)
                              e:/ch32_project/mounriver_studio2/resources/app/resources/win32/components/wch/toolchain/risc-v embedded gcc/bin/../lib/gcc/riscv-none-embed/8.2.0/../../../../riscv-none-embed/lib/rv32imacxw/ilp32\libprintfloat.a(printfloat.o) (__floatdidf)
e:/ch32_project/mounriver_studio2/resources/app/resources/win32/components/wch/toolchain/risc-v embedded gcc/bin/../lib/gcc/riscv-none-embed/8.2.0/rv32imacxw/ilp32\libgcc.a(save-restore.o)
                              ./Drivers/SYSTEM/usart/usart.o (__riscv_save_4)
e:/ch32_project/mounriver_studio2/resources/app/resources/win32/components/wch/toolchain/risc-v embedded gcc/bin/../lib/gcc/riscv-none-embed/8.2.0/rv32imacxw/ilp32\libgcc.a(_clz.o)
                              e:/ch32_project/mounriver_studio2/resources/app/resources/win32/components/wch/toolchain/risc-v embedded gcc/bin/../lib/gcc/riscv-none-embed/8.2.0/rv32imacxw/ilp32\libgcc.a(_udivdi3.o) (__clz_tab)
e:/ch32_project/mounriver_studio2/resources/app/resources/win32/components/wch/toolchain/risc-v embedded gcc/bin/../lib/gcc/riscv-none-embed/8.2.0/rv32imacxw/ilp32\libgcc.a(_clzsi2.o)
                              e:/ch32_project/mounriver_studio2/resources/app/resources/win32/components/wch/toolchain/risc-v embedded gcc/bin/../lib/gcc/riscv-none-embed/8.2.0/rv32imacxw/ilp32\libgcc.a(muldf3.o) (__clzsi2)
e:/ch32_project/mounriver_studio2/resources/app/resources/win32/components/wch/toolchain/risc-v embedded gcc/bin/../lib/gcc/riscv-none-embed/8.2.0/../../../../riscv-none-embed/lib/rv32imacxw/ilp32\libg_nano.a(lib_a-memset.o)
                              ./Drivers/BSP/ESP12F/esp8266.o (memset)
[...]
Memory Configuration

Name             Origin             Length             Attributes
FLASH            0x0000000000000000 0x0000000000040000 xr
RAM              0x0000000020000000 0x0000000000010000 xrw
*default*        0x0000000000000000 0xffffffffffffffff

Linker script and memory map

LOAD ./User/ch32v30x_it.o
LOAD ./User/main.o
LOAD ./User/system_ch32v30x.o
LOAD ./Drivers/SYSTEM/usart/usart.o
LOAD ./Drivers/SYSTEM/sys/sys.o
LOAD ./Drivers/SYSTEM/delay/delay.o
LOAD ./Drivers/RISC_V/Startup/startup_ch32v30x_D8C.o
LOAD ./Drivers/RISC_V/Core/core_riscv.o
LOAD ./Drivers/CH32V30x_Driver/src/ch32v30x_adc.o
LOAD ./Drivers/CH32V30x_Driver/src/ch32v30x_bkp.o
LOAD ./Drivers/CH32V30x_Driver/src/ch32v30x_can.o
LOAD ./Drivers/CH32V30x_Driver/src/ch32v30x_crc.o
LOAD ./Drivers/CH32V30x_Driver/src/ch32v30x_dac.o
LOAD ./Drivers/CH32V30x_Driver/src/ch32v30x_dbgmcu.o
LOAD ./Drivers/CH32V30x_Driver/src/ch32v30x_dma.o
LOAD ./Drivers/CH32V30x_Driver/src/ch32v30x_dvp.o
LOAD ./Drivers/CH32V30x_Driver/src/ch32v30x_eth.o
LOAD ./Drivers/CH32V30x_Driver/src/ch32v30x_exti.o
LOAD ./Drivers/CH32V30x_Driver/src/ch32v30x_flash.o
LOAD ./Drivers/CH32V30x_Driver/src/ch32v30x_fsmc.o
LOAD ./Drivers/CH32V30x_Driver/src/ch32v30x_gpio.o
LOAD ./Drivers/CH32V30x_Driver/src/ch32v30x_i2c.o
LOAD ./Drivers/CH32V30x_Driver/src/ch32v30x_iwdg.o
LOAD ./Drivers/CH32V30x_Driver/src/ch32v30x_misc.o
LOAD ./Drivers/CH32V30x_Driver/src/ch32v30x_opa.o
LOAD ./Drivers/CH32V30x_Driver/src/ch32v30x_pwr.o
LOAD ./Drivers/CH32V30x_Driver/src/ch32v30x_rcc.o
LOAD ./Drivers/CH32V30x_Driver/src/ch32v30x_rng.o
LOAD ./Drivers/CH32V30x_Driver/src/ch32v30x_rtc.o
LOAD ./Drivers/CH32V30x_Driver/src/ch32v30x_sdio.o
LOAD ./Drivers/CH32V30x_Driver/src/ch32v30x_spi.o
LOAD ./Drivers/CH32V30x_Driver/src/ch32v30x_tim.o
LOAD ./Drivers/CH32V30x_Driver/src/ch32v30x_usart.o
LOAD ./Drivers/CH32V30x_Driver/src/ch32v30x_wwdg.o
LOAD ./Drivers/BSP/TaoJC/TaoJC.o
LOAD ./Drivers/BSP/Motor/Motor.o
LOAD ./Drivers/BSP/Motor/PWM.o
LOAD ./Drivers/BSP/LED/led.o
LOAD ./Drivers/BSP/ESP12F/esp8266.o
LOAD e:/ch32_project/mounriver_studio2/resources/app/resources/win32/components/wch/toolchain/risc-v embedded gcc/bin/../lib/gcc/riscv-none-embed/8.2.0/../../../../riscv-none-embed/lib/rv32imacxw/ilp32\libm.a
LOAD e:/ch32_project/mounriver_studio2/resources/app/resources/win32/components/wch/toolchain/risc-v embedded gcc/bin/../lib/gcc/riscv-none-embed/8.2.0/../../../../riscv-none-embed/lib/rv32imacxw/ilp32\libprintfloat.a
LOAD e:/ch32_project/mounriver_studio2/resources/app/resources/win32/components/wch/toolchain/risc-v embedded gcc/bin/../lib/gcc/riscv-none-embed/8.2.0/rv32imacxw/ilp32\libgcc.a
LOAD e:/ch32_project/mounriver_studio2/resources/app/resources/win32/components/wch/toolchain/risc-v embedded gcc/bin/../lib/gcc/riscv-none-embed/8.2.0/../../../../riscv-none-embed/lib/rv32imacxw/ilp32\libg_nano.a
LOAD e:/ch32_project/mounriver_studio2/resources/app/resources/win32/components/wch/toolchain/risc-v embedded gcc/bin/../lib/gcc/riscv-none-embed/8.2.0/../../../../riscv-none-embed/lib/rv32imacxw/ilp32\libc_nano.a
LOAD e:/ch32_project/mounriver_studio2/resources/app/resources/win32/components/wch/toolchain/risc-v embedded gcc/bin/../lib/gcc/riscv-none-embed/8.2.0/rv32imacxw/ilp32\libgcc.a
START GROUP
LOAD e:/ch32_project/mounriver_studio2/resources/app/resources/win32/components/wch/toolchain/risc-v embedded gcc/bin/../lib/gcc/riscv-none-embed/8.2.0/rv32imacxw/ilp32\libgcc.a
LOAD e:/ch32_project/mounriver_studio2/resources/app/resources/win32/components/wch/toolchain/risc-v embedded gcc/bin/../lib/gcc/riscv-none-embed/8.2.0/../../../../riscv-none-embed/lib/rv32imacxw/ilp32\libc_nano.a
LOAD e:/ch32_project/mounriver_studio2/resources/app/resources/win32/components/wch/toolchain/risc-v embedded gcc/bin/../lib/gcc/riscv-none-embed/8.2.0/../../../../riscv-none-embed/lib/rv32imacxw/ilp32\libnosys.a
END GROUP
START GROUP
LOAD e:/ch32_project/mounriver_studio2/resources/app/resources/win32/components/wch/toolchain/risc-v embedded gcc/bin/../lib/gcc/riscv-none-embed/8.2.0/rv32imacxw/ilp32\libgcc.a
LOAD e:/ch32_project/mounriver_studio2/resources/app/resources/win32/components/wch/toolchain/risc-v embedded gcc/bin/../lib/gcc/riscv-none-embed/8.2.0/../../../../riscv-none-embed/lib/rv32imacxw/ilp32\libc_nano.a
LOAD e:/ch32_project/mounriver_studio2/resources/app/resources/win32/components/wch/toolchain/risc-v embedded gcc/bin/../lib/gcc/riscv-none-embed/8.2.0/../../../../riscv-none-embed/lib/rv32imacxw/ilp32\libnosys.a
END GROUP
                0x0000000000000800                __stack_size = 0x800
                [!provide]                        PROVIDE (_stack_size = __stack_size)

.init           0x0000000000000000       0x38
                0x0000000000000000                _sinit = .
                0x0000000000000000                . = ALIGN (0x4)
 *(SORT_NONE(.init))
 .init          0x0000000000000000       0x38 ./Drivers/RISC_V/Startup/startup_ch32v30x_D8C.o
                0x0000000000000000                _start
                0x0000000000000038                . = ALIGN (0x4)
                0x0000000000000038                _einit = .

.vector         0x0000000000000038      0x1c8
 *(.vector)
 .vector        0x0000000000000038      0x1a0 ./Drivers/RISC_V/Startup/startup_ch32v30x_D8C.o
                0x0000000000000200                . = ALIGN (0x40)
 *fill*         0x00000000000001d8       0x28 

.text           0x0000000000000200     0x1a28
                0x0000000000000200                . = ALIGN (0x4)
 *(.text)
 .text          0x0000000000000200       0x60 e:/ch32_project/mounriver_studio2/resources/app/resources/win32/components/wch/toolchain/risc-v embedded gcc/bin/../lib/gcc/riscv-none-embed/8.2.0/rv32imacxw/ilp32\libgcc.a(save-restore.o)
                0x0000000000000200                __riscv_save_12
                0x0000000000000208                __riscv_save_9
                0x0000000000000208                __riscv_save_11
                0x0000000000000208                __riscv_save_10
                0x0000000000000208                __riscv_save_8
                0x0000000000000216                __riscv_save_4
                0x0000000000000216                __riscv_save_6
                0x0000000000000216                __riscv_save_5
                0x0000000000000216                __riscv_save_7
                0x0000000000000230                __riscv_save_3
                0x0000000000000230                __riscv_save_2
                0x0000000000000230                __riscv_save_1
                0x0000000000000230                __riscv_save_0
                0x000000000000023c                __riscv_restore_12
                0x0000000000000240                __riscv_restore_11
                0x0000000000000240                __riscv_restore_9
                0x0000000000000240                __riscv_restore_10
                0x0000000000000240                __riscv_restore_8
                0x000000000000024a                __riscv_restore_5
                0x000000000000024a                __riscv_restore_7
                0x000000000000024a                __riscv_restore_6
                0x000000000000024a                __riscv_restore_4
                0x0000000000000254                __riscv_restore_3
                0x0000000000000254                __riscv_restore_0
                0x0000000000000254                __riscv_restore_2
                0x0000000000000254                __riscv_restore_1
 *(.text.*)
 .text.NMI_Handler
                0x0000000000000260        0x4 ./User/ch32v30x_it.o
                0x0000000000000260                NMI_Handler
 .text.HardFault_Handler
                0x0000000000000264        0x2 ./User/ch32v30x_it.o
                0x0000000000000264                HardFault_Handler
 .text.startup.main
                0x0000000000000266       0x36 ./User/main.o
                0x0000000000000266                main
 .text.SystemInit
                0x000000000000029c       0xf8 ./User/system_ch32v30x.o
                0x000000000000029c                SystemInit
 .text.usart1_init
                0x0000000000000394       0x90 ./Drivers/SYSTEM/usart/usart.o
                0x0000000000000394                usart1_init
 .text.USART2_Init
                0x0000000000000424       0x8e ./Drivers/SYSTEM/usart/usart.o
                0x0000000000000424                USART2_Init
 .text.UsartPrintf
                0x00000000000004b2       0x72 ./Drivers/SYSTEM/usart/usart.o
                0x00000000000004b2                UsartPrintf
 .text.USART1_IRQHandler
                0x0000000000000524      0x140 ./Drivers/SYSTEM/usart/usart.o
                0x0000000000000524                USART1_IRQHandler
 .text.delay_init
                0x0000000000000664        0x8 ./Drivers/SYSTEM/delay/delay.o
                0x0000000000000664                delay_init
 .text.vector_handler
                0x000000000000066c       0xbe ./Drivers/RISC_V/Startup/startup_ch32v30x_D8C.o
                0x0000000000000670                Ecall_M_Mode_Handler
                0x0000000000000672                Ecall_U_Mode_Handler
                0x0000000000000674                Break_Point_Handler
                0x0000000000000676                SysTick_Handler
                0x0000000000000678                SW_Handler
                0x000000000000067a                WWDG_IRQHandler
                0x000000000000067c                PVD_IRQHandler
                0x000000000000067e                TAMPER_IRQHandler
                0x0000000000000680                RTC_IRQHandler
                0x0000000000000682                FLASH_IRQHandler
                0x0000000000000684                RCC_IRQHandler
                0x0000000000000686                EXTI0_IRQHandler
                0x0000000000000688                EXTI1_IRQHandler
                0x000000000000068a                EXTI2_IRQHandler
                0x000000000000068c                EXTI3_IRQHandler
                0x000000000000068e                EXTI4_IRQHandler
                0x0000000000000690                DMA1_Channel1_IRQHandler
                0x0000000000000692                DMA1_Channel2_IRQHandler
                0x0000000000000694                DMA1_Channel3_IRQHandler
                0x0000000000000696                DMA1_Channel4_IRQHandler
                0x0000000000000698                DMA1_Channel5_IRQHandler
                0x000000000000069a                DMA1_Channel6_IRQHandler
                0x000000000000069c                DMA1_Channel7_IRQHandler
                0x000000000000069e                ADC1_2_IRQHandler
                0x00000000000006a0                USB_HP_CAN1_TX_IRQHandler
                0x00000000000006a2                USB_LP_CAN1_RX0_IRQHandler
                0x00000000000006a4                CAN1_RX1_IRQHandler
                0x00000000000006a6                CAN1_SCE_IRQHandler
                0x00000000000006a8                EXTI9_5_IRQHandler
                0x00000000000006aa                TIM1_BRK_IRQHandler
                0x00000000000006ac                TIM1_UP_IRQHandler
                0x00000000000006ae                TIM1_TRG_COM_IRQHandler
                0x00000000000006b0                TIM1_CC_IRQHandler
                0x00000000000006b2                TIM2_IRQHandler
                0x00000000000006b4                TIM3_IRQHandler
                0x00000000000006b6                TIM4_IRQHandler
                0x00000000000006b8                I2C1_EV_IRQHandler
                0x00000000000006ba                I2C1_ER_IRQHandler
                0x00000000000006bc                I2C2_EV_IRQHandler
                0x00000000000006be                I2C2_ER_IRQHandler
                0x00000000000006c0                SPI1_IRQHandler
                0x00000000000006c2                SPI2_IRQHandler
                0x00000000000006ca                EXTI15_10_IRQHandler
                0x00000000000006cc                RTCAlarm_IRQHandler
                0x00000000000006ce                USBWakeUp_IRQHandler
                0x00000000000006d0                TIM8_BRK_IRQHandler
                0x00000000000006d2                TIM8_UP_IRQHandler
                0x00000000000006d4                TIM8_TRG_COM_IRQHandler
                0x00000000000006d6                TIM8_CC_IRQHandler
                0x00000000000006d8                RNG_IRQHandler
                0x00000000000006da                FSMC_IRQHandler
                0x00000000000006dc                SDIO_IRQHandler
                0x00000000000006de                TIM5_IRQHandler
                0x00000000000006e0                SPI3_IRQHandler
                0x00000000000006e2                UART4_IRQHandler
                0x00000000000006e4                UART5_IRQHandler
                0x00000000000006e6                TIM6_IRQHandler
                0x00000000000006e8                TIM7_IRQHandler
                0x00000000000006ea                DMA2_Channel1_IRQHandler
                0x00000000000006ec                DMA2_Channel2_IRQHandler
                0x00000000000006ee                DMA2_Channel3_IRQHandler
                0x00000000000006f0                DMA2_Channel4_IRQHandler
                0x00000000000006f2                DMA2_Channel5_IRQHandler
                0x00000000000006f4                ETH_IRQHandler
                0x00000000000006f6                ETH_WKUP_IRQHandler
                0x00000000000006f8                CAN2_TX_IRQHandler
                0x00000000000006fa                CAN2_RX0_IRQHandler
                0x00000000000006fc                CAN2_RX1_IRQHandler
                0x00000000000006fe                CAN2_SCE_IRQHandler
                0x0000000000000700                OTG_FS_IRQHandler
                0x0000000000000702                USBHSWakeup_IRQHandler
                0x0000000000000704                USBHS_IRQHandler
                0x0000000000000706                DVP_IRQHandler
                0x0000000000000708                UART6_IRQHandler
                0x000000000000070a                UART7_IRQHandler
                0x000000000000070c                UART8_IRQHandler
                0x000000000000070e                TIM9_BRK_IRQHandler
                0x0000000000000710                TIM9_UP_IRQHandler
                0x0000000000000712                TIM9_TRG_COM_IRQHandler
                0x0000000000000714                TIM9_CC_IRQHandler
                0x0000000000000716                TIM10_BRK_IRQHandler
                0x0000000000000718                TIM10_UP_IRQHandler
                0x000000000000071a                TIM10_TRG_COM_IRQHandler
                0x000000000000071c                TIM10_CC_IRQHandler
                0x000000000000071e                DMA2_Channel6_IRQHandler
                0x0000000000000720                DMA2_Channel7_IRQHandler
                0x0000000000000722                DMA2_Channel8_IRQHandler
                0x0000000000000724                DMA2_Channel9_IRQHandler
                0x0000000000000726                DMA2_Channel10_IRQHandler
                0x0000000000000728                DMA2_Channel11_IRQHandler
 .text.handle_reset
                0x000000000000072a       0x8a ./Drivers/RISC_V/Startup/startup_ch32v30x_D8C.o
                0x000000000000072a                handle_reset
 .text.GPIO_Init
                0x00000000000007b4       0xc0 ./Drivers/CH32V30x_Driver/src/ch32v30x_gpio.o
                0x00000000000007b4                GPIO_Init
 .text.GPIO_SetBits
                0x0000000000000874        0x4 ./Drivers/CH32V30x_Driver/src/ch32v30x_gpio.o
                0x0000000000000874                GPIO_SetBits
 .text.GPIO_ResetBits
                0x0000000000000878        0x4 ./Drivers/CH32V30x_Driver/src/ch32v30x_gpio.o
                0x0000000000000878                GPIO_ResetBits
 .text.NVIC_PriorityGroupConfig
                0x000000000000087c        0x6 ./Drivers/CH32V30x_Driver/src/ch32v30x_misc.o
                0x000000000000087c                NVIC_PriorityGroupConfig
 .text.NVIC_Init
                0x0000000000000882       0xa6 ./Drivers/CH32V30x_Driver/src/ch32v30x_misc.o
                0x0000000000000882                NVIC_Init
 .text.RCC_GetClocksFreq
                0x0000000000000928      0x17a ./Drivers/CH32V30x_Driver/src/ch32v30x_rcc.o
                0x0000000000000928                RCC_GetClocksFreq
 .text.RCC_APB2PeriphClockCmd
                0x0000000000000aa2       0x1e ./Drivers/CH32V30x_Driver/src/ch32v30x_rcc.o
                0x0000000000000aa2                RCC_APB2PeriphClockCmd
 .text.RCC_APB1PeriphClockCmd
                0x0000000000000ac0       0x1e ./Drivers/CH32V30x_Driver/src/ch32v30x_rcc.o
                0x0000000000000ac0                RCC_APB1PeriphClockCmd
 .text.TIM_TimeBaseInit
                0x0000000000000ade       0xaa ./Drivers/CH32V30x_Driver/src/ch32v30x_tim.o
                0x0000000000000ade                TIM_TimeBaseInit
 .text.TIM_OC1Init
                0x0000000000000b88       0x82 ./Drivers/CH32V30x_Driver/src/ch32v30x_tim.o
                0x0000000000000b88                TIM_OC1Init
 .text.TIM_Cmd  0x0000000000000c0a       0x18 ./Drivers/CH32V30x_Driver/src/ch32v30x_tim.o
                0x0000000000000c0a                TIM_Cmd
 .text.TIM_CtrlPWMOutputs
                0x0000000000000c22       0x16 ./Drivers/CH32V30x_Driver/src/ch32v30x_tim.o
                0x0000000000000c22                TIM_CtrlPWMOutputs
 .text.TIM_ARRPreloadConfig
                0x0000000000000c38       0x1a ./Drivers/CH32V30x_Driver/src/ch32v30x_tim.o
                0x0000000000000c38                TIM_ARRPreloadConfig
 .text.TIM_OC1PreloadConfig
                0x0000000000000c52        0xe ./Drivers/CH32V30x_Driver/src/ch32v30x_tim.o
                0x0000000000000c52                TIM_OC1PreloadConfig
 .text.TIM_SetCompare1
                0x0000000000000c60        0x4 ./Drivers/CH32V30x_Driver/src/ch32v30x_tim.o
                0x0000000000000c60                TIM_SetCompare1
 .text.USART_Init
                0x0000000000000c64       0xba ./Drivers/CH32V30x_Driver/src/ch32v30x_usart.o
                0x0000000000000c64                USART_Init
 .text.USART_Cmd
                0x0000000000000d1e       0x16 ./Drivers/CH32V30x_Driver/src/ch32v30x_usart.o
                0x0000000000000d1e                USART_Cmd
 .text.USART_ITConfig
                0x0000000000000d34       0x36 ./Drivers/CH32V30x_Driver/src/ch32v30x_usart.o
                0x0000000000000d34                USART_ITConfig
 .text.USART_SendData
                0x0000000000000d6a        0x8 ./Drivers/CH32V30x_Driver/src/ch32v30x_usart.o
                0x0000000000000d6a                USART_SendData
 .text.USART_ReceiveData
                0x0000000000000d72        0x8 ./Drivers/CH32V30x_Driver/src/ch32v30x_usart.o
                0x0000000000000d72                USART_ReceiveData
 .text.USART_GetFlagStatus
                0x0000000000000d7a        0xa ./Drivers/CH32V30x_Driver/src/ch32v30x_usart.o
                0x0000000000000d7a                USART_GetFlagStatus
 .text.USART_ClearFlag
                0x0000000000000d84        0xc ./Drivers/CH32V30x_Driver/src/ch32v30x_usart.o
                0x0000000000000d84                USART_ClearFlag
 .text.USART_GetITStatus
                0x0000000000000d90       0x3c ./Drivers/CH32V30x_Driver/src/ch32v30x_usart.o
                0x0000000000000d90                USART_GetITStatus
 .text.USART_ClearITPendingBit
                0x0000000000000dcc       0x14 ./Drivers/CH32V30x_Driver/src/ch32v30x_usart.o
                0x0000000000000dcc                USART_ClearITPendingBit
 .text.USART3_Init
                0x0000000000000de0       0x92 ./Drivers/BSP/TaoJC/TaoJC.o
                0x0000000000000de0                USART3_Init
 .text.HMI_send_num
                0x0000000000000e72       0x20 ./Drivers/BSP/TaoJC/TaoJC.o
                0x0000000000000e72                HMI_send_num
 .text.USART3_IRQHandler
                0x0000000000000e92       0x52 ./Drivers/BSP/TaoJC/TaoJC.o
                0x0000000000000e92                USART3_IRQHandler
 .text.Motor_Init
                0x0000000000000ee4       0x3a ./Drivers/BSP/Motor/Motor.o
                0x0000000000000ee4                Motor_Init
 .text.Motor_SetSpeed
                0x0000000000000f1e       0x4a ./Drivers/BSP/Motor/Motor.o
                0x0000000000000f1e                Motor_SetSpeed
 .text.PWM_Init
                0x0000000000000f68       0xa0 ./Drivers/BSP/Motor/PWM.o
                0x0000000000000f68                PWM_Init
 .text.PWM_SetCompare1
                0x0000000000001008       0x14 ./Drivers/BSP/Motor/PWM.o
                0x0000000000001008                PWM_SetCompare1
 .text.led_init
                0x000000000000101c       0x58 ./Drivers/BSP/LED/led.o
                0x000000000000101c                led_init
 .text.USART2_IRQHandler
                0x0000000000001074       0x56 ./Drivers/BSP/ESP12F/esp8266.o
                0x0000000000001074                USART2_IRQHandler
 .text._vsnprintf_r
                0x00000000000010ca       0x5a e:/ch32_project/mounriver_studio2/resources/app/resources/win32/components/wch/toolchain/risc-v embedded gcc/bin/../lib/gcc/riscv-none-embed/8.2.0/../../../../riscv-none-embed/lib/rv32imacxw/ilp32\libg_nano.a(lib_a-vsnprintf.o)
                0x00000000000010ca                _vsniprintf_r
                0x00000000000010ca                _vsnprintf_r
 .text.vsnprintf
                0x0000000000001124       0x10 e:/ch32_project/mounriver_studio2/resources/app/resources/win32/components/wch/toolchain/risc-v embedded gcc/bin/../lib/gcc/riscv-none-embed/8.2.0/../../../../riscv-none-embed/lib/rv32imacxw/ilp32\libg_nano.a(lib_a-vsnprintf.o)
                0x0000000000001124                vsniprintf
                0x0000000000001124                vsnprintf
 .text.__ssputs_r
                0x0000000000001134       0xde e:/ch32_project/mounriver_studio2/resources/app/resources/win32/components/wch/toolchain/risc-v embedded gcc/bin/../lib/gcc/riscv-none-embed/8.2.0/../../../../riscv-none-embed/lib/rv32imacxw/ilp32\libg_nano.a(lib_a-nano-svfprintf.o)
                0x0000000000001134                __ssputs_r
 .text._svfprintf_r
                0x0000000000001212      0x260 e:/ch32_project/mounriver_studio2/resources/app/resources/win32/components/wch/toolchain/risc-v embedded gcc/bin/../lib/gcc/riscv-none-embed/8.2.0/../../../../riscv-none-embed/lib/rv32imacxw/ilp32\libg_nano.a(lib_a-nano-svfprintf.o)
                0x0000000000001212                _svfiprintf_r
                0x0000000000001212                _svfprintf_r
 .text._printf_common
                0x0000000000001472      0x10c e:/ch32_project/mounriver_studio2/resources/app/resources/win32/components/wch/toolchain/risc-v embedded gcc/bin/../lib/gcc/riscv-none-embed/8.2.0/../../../../riscv-none-embed/lib/rv32imacxw/ilp32\libg_nano.a(lib_a-nano-vfprintf_i.o)
                0x0000000000001472                _printf_common
 .text._printf_i
                0x000000000000157e      0x2a0 e:/ch32_project/mounriver_studio2/resources/app/resources/win32/components/wch/toolchain/risc-v embedded gcc/bin/../lib/gcc/riscv-none-embed/8.2.0/../../../../riscv-none-embed/lib/rv32imacxw/ilp32\libg_nano.a(lib_a-nano-vfprintf_i.o)
                0x000000000000157e                _printf_i
 .text.memchr   0x000000000000181e       0x18 e:/ch32_project/mounriver_studio2/resources/app/resources/win32/components/wch/toolchain/risc-v embedded gcc/bin/../lib/gcc/riscv-none-embed/8.2.0/../../../../riscv-none-embed/lib/rv32imacxw/ilp32\libg_nano.a(lib_a-memchr.o)
                0x000000000000181e                memchr
 .text.memcpy   0x0000000000001836       0xb2 e:/ch32_project/mounriver_studio2/resources/app/resources/win32/components/wch/toolchain/risc-v embedded gcc/bin/../lib/gcc/riscv-none-embed/8.2.0/../../../../riscv-none-embed/lib/rv32imacxw/ilp32\libg_nano.a(lib_a-memcpy.o)
                0x0000000000001836                memcpy
 .text.memmove  0x00000000000018e8       0x46 e:/ch32_project/mounriver_studio2/resources/app/resources/win32/components/wch/toolchain/risc-v embedded gcc/bin/../lib/gcc/riscv-none-embed/8.2.0/../../../../riscv-none-embed/lib/rv32imacxw/ilp32\libg_nano.a(lib_a-memmove.o)
                0x00000000000018e8                memmove
 .text._free_r  0x000000000000192e       0xa4 e:/ch32_project/mounriver_studio2/resources/app/resources/win32/components/wch/toolchain/risc-v embedded gcc/bin/../lib/gcc/riscv-none-embed/8.2.0/../../../../riscv-none-embed/lib/rv32imacxw/ilp32\libg_nano.a(lib_a-nano-freer.o)
                0x000000000000192e                _free_r
 .text._malloc_r
                0x00000000000019d2       0xce e:/ch32_project/mounriver_studio2/resources/app/resources/win32/components/wch/toolchain/risc-v embedded gcc/bin/../lib/gcc/riscv-none-embed/8.2.0/../../../../riscv-none-embed/lib/rv32imacxw/ilp32\libg_nano.a(lib_a-nano-mallocr.o)
                0x00000000000019d2                _malloc_r
 .text._realloc_r
                0x0000000000001aa0       0x4e e:/ch32_project/mounriver_studio2/resources/app/resources/win32/components/wch/toolchain/risc-v embedded gcc/bin/../lib/gcc/riscv-none-embed/8.2.0/../../../../riscv-none-embed/lib/rv32imacxw/ilp32\libg_nano.a(lib_a-nano-reallocr.o)
                0x0000000000001aa0                _realloc_r
 .text._sbrk_r  0x0000000000001aee       0x28 e:/ch32_project/mounriver_studio2/resources/app/resources/win32/components/wch/toolchain/risc-v embedded gcc/bin/../lib/gcc/riscv-none-embed/8.2.0/../../../../riscv-none-embed/lib/rv32imacxw/ilp32\libg_nano.a(lib_a-sbrkr.o)
                0x0000000000001aee                _sbrk_r
 .text.__malloc_lock
                0x0000000000001b16        0x2 e:/ch32_project/mounriver_studio2/resources/app/resources/win32/components/wch/toolchain/risc-v embedded gcc/bin/../lib/gcc/riscv-none-embed/8.2.0/../../../../riscv-none-embed/lib/rv32imacxw/ilp32\libg_nano.a(lib_a-mlock.o)
                0x0000000000001b16                __malloc_lock
 .text.__malloc_unlock
                0x0000000000001b18        0x2 e:/ch32_project/mounriver_studio2/resources/app/resources/win32/components/wch/toolchain/risc-v embedded gcc/bin/../lib/gcc/riscv-none-embed/8.2.0/../../../../riscv-none-embed/lib/rv32imacxw/ilp32\libg_nano.a(lib_a-mlock.o)
                0x0000000000001b18                __malloc_unlock
 .text._malloc_usable_size_r
                0x0000000000001b1a       0x14 e:/ch32_project/mounriver_studio2/resources/app/resources/win32/components/wch/toolchain/risc-v embedded gcc/bin/../lib/gcc/riscv-none-embed/8.2.0/../../../../riscv-none-embed/lib/rv32imacxw/ilp32\libg_nano.a(lib_a-nano-msizer.o)
                0x0000000000001b1a                _malloc_usable_size_r
 .text._sbrk    0x0000000000001b2e       0x20 e:/ch32_project/mounriver_studio2/resources/app/resources/win32/components/wch/toolchain/risc-v embedded gcc/bin/../lib/gcc/riscv-none-embed/8.2.0/../../../../riscv-none-embed/lib/rv32imacxw/ilp32\libnosys.a(sbrk.o)
                0x0000000000001b2e                _sbrk
 *(.rodata)
 *(.rodata*)
 *fill*         0x0000000000001b4e        0x2 
 .rodata.USART1_IRQHandler.str1.4
                0x0000000000001b50       0x88 ./Drivers/SYSTEM/usart/usart.o
 .rodata.HMI_send_num.str1.4
                0x0000000000001bd8        0xb ./Drivers/BSP/TaoJC/TaoJC.o
 *fill*         0x0000000000001be3        0x1 
 .rodata.USART3_IRQHandler.str1.4
                0x0000000000001be4        0x7 ./Drivers/BSP/TaoJC/TaoJC.o
 *fill*         0x0000000000001beb        0x1 
 .rodata._svfprintf_r.str1.4
                0x0000000000001bec       0x13 e:/ch32_project/mounriver_studio2/resources/app/resources/win32/components/wch/toolchain/risc-v embedded gcc/bin/../lib/gcc/riscv-none-embed/8.2.0/../../../../riscv-none-embed/lib/rv32imacxw/ilp32\libg_nano.a(lib_a-nano-svfprintf.o)
 *fill*         0x0000000000001bff        0x1 
 .rodata._printf_i.str1.4
                0x0000000000001c00       0x28 e:/ch32_project/mounriver_studio2/resources/app/resources/win32/components/wch/toolchain/risc-v embedded gcc/bin/../lib/gcc/riscv-none-embed/8.2.0/../../../../riscv-none-embed/lib/rv32imacxw/ilp32\libg_nano.a(lib_a-nano-vfprintf_i.o)
                                         0x25 (size before relaxing)
 *(.gnu.linkonce.t.*)
                0x0000000000001c28                . = ALIGN (0x4)

.rela.dyn       0x0000000000001c28        0x0
 .rela.init     0x0000000000001c28        0x0 ./User/ch32v30x_it.o
 .rela.vector   0x0000000000001c28        0x0 ./User/ch32v30x_it.o
 .rela.text.handle_reset
                0x0000000000001c28        0x0 ./User/ch32v30x_it.o
 .rela.data.impure_data
                0x0000000000001c28        0x0 ./User/ch32v30x_it.o
 .rela.text._svfprintf_r
                0x0000000000001c28        0x0 ./User/ch32v30x_it.o
 .rela.text._sbrk_r
                0x0000000000001c28        0x0 ./User/ch32v30x_it.o
 .rela.text._sbrk
                0x0000000000001c28        0x0 ./User/ch32v30x_it.o

.fini           0x0000000000001c28        0x0
 *(SORT_NONE(.fini))
                0x0000000000001c28                . = ALIGN (0x4)
                [!provide]                        PROVIDE (_etext = .)
                [!provide]                        PROVIDE (_eitcm = .)

.preinit_array  0x0000000000001c28        0x0
                [!provide]                        PROVIDE (__preinit_array_start = .)
 *(.preinit_array)
                [!provide]                        PROVIDE (__preinit_array_end = .)

.init_array     0x0000000000001c28        0x0
                [!provide]                        PROVIDE (__init_array_start = .)
 *(SORT_BY_INIT_PRIORITY(.init_array.*) SORT_BY_INIT_PRIORITY(.ctors.*))
 *(.init_array EXCLUDE_FILE(*crtend?.o *crtend.o *crtbegin?.o *crtbegin.o) .ctors)
                [!provide]                        PROVIDE (__init_array_end = .)

.fini_array     0x0000000000001c28        0x0
                [!provide]                        PROVIDE (__fini_array_start = .)
 *(SORT_BY_INIT_PRIORITY(.fini_array.*) SORT_BY_INIT_PRIORITY(.dtors.*))
 *(.fini_array EXCLUDE_FILE(*crtend?.o *crtend.o *crtbegin?.o *crtbegin.o) .dtors)
                [!provide]                        PROVIDE (__fini_array_end = .)

.ctors
 *crtbegin.o(.ctors)
 *crtbegin?.o(.ctors)
 *(EXCLUDE_FILE(*crtend?.o *crtend.o) .ctors)
 *(SORT_BY_NAME(.ctors.*))
 *(.ctors)

.dtors
 *crtbegin.o(.dtors)
 *crtbegin?.o(.dtors)
 *(EXCLUDE_FILE(*crtend?.o *crtend.o) .dtors)
 *(SORT_BY_NAME(.dtors.*))
 *(.dtors)

.dalign         0x0000000020000000        0x0 load address 0x0000000000001c28
                0x0000000020000000                . = ALIGN (0x4)
                0x0000000020000000                PROVIDE (_data_vma = .)

.dlalign        0x0000000000001c28        0x0
                0x0000000000001c28                . = ALIGN (0x4)
                0x0000000000001c28                PROVIDE (_data_lma = .)

.data           0x0000000020000000       0x80 load address 0x0000000000001c28
 *(.gnu.linkonce.r.*)
 *(.data .data.*)
 .data.APBAHBPrescTable
                0x0000000020000000       0x10 ./Drivers/CH32V30x_Driver/src/ch32v30x_rcc.o
 .data.impure_data
                0x0000000020000010       0x60 e:/ch32_project/mounriver_studio2/resources/app/resources/win32/components/wch/toolchain/risc-v embedded gcc/bin/../lib/gcc/riscv-none-embed/8.2.0/../../../../riscv-none-embed/lib/rv32imacxw/ilp32\libg_nano.a(lib_a-impure.o)
 *(.gnu.linkonce.d.*)
                0x0000000020000070                . = ALIGN (0x8)
                0x0000000020000870                PROVIDE (__global_pointer$ = (. + 0x800))
 *(.sdata .sdata.*)
 .sdata.ADCPrescTable
                0x0000000020000070        0x4 ./Drivers/CH32V30x_Driver/src/ch32v30x_rcc.o
 .sdata.flag1   0x0000000020000074        0x1 ./Drivers/BSP/TaoJC/TaoJC.o
                0x0000000020000074                flag1
 *fill*         0x0000000020000075        0x3 
 .sdata._impure_ptr
                0x0000000020000078        0x4 e:/ch32_project/mounriver_studio2/resources/app/resources/win32/components/wch/toolchain/risc-v embedded gcc/bin/../lib/gcc/riscv-none-embed/8.2.0/../../../../riscv-none-embed/lib/rv32imacxw/ilp32\libg_nano.a(lib_a-impure.o)
                0x0000000020000078                _impure_ptr
 *(.sdata2.*)
 *(.gnu.linkonce.s.*)
                0x0000000020000080                . = ALIGN (0x8)
 *fill*         0x000000002000007c        0x4 
 *(.srodata.cst16)
 *(.srodata.cst8)
 *(.srodata.cst4)
 *(.srodata.cst2)
 *(.srodata .srodata.*)
                0x0000000020000080                . = ALIGN (0x4)
                0x0000000020000080                PROVIDE (_edata = .)

.bss            0x0000000020000080      0x31c load address 0x0000000000001ca8
                0x0000000020000080                . = ALIGN (0x4)
                0x0000000020000080                PROVIDE (_sbss = .)
 *(.sbss*)
 .sbss.receive1_index
                0x0000000020000080        0x1 ./Drivers/SYSTEM/usart/usart.o
                0x0000000020000080                receive1_index
 .sbss.receive1_state
                0x0000000020000081        0x1 ./Drivers/SYSTEM/usart/usart.o
                0x0000000020000081                receive1_state
 .sbss.g_fac_us
                0x0000000020000082        0x2 ./Drivers/SYSTEM/delay/delay.o
 .sbss.NVIC_Priority_Group
                0x0000000020000084        0x4 ./Drivers/CH32V30x_Driver/src/ch32v30x_misc.o
                0x0000000020000084                NVIC_Priority_Group
 .sbss.esp8266_cnt
                0x0000000020000088        0x2 ./Drivers/BSP/ESP12F/esp8266.o
                0x0000000020000088                esp8266_cnt
 *fill*         0x000000002000008a        0x2 
 .sbss.__malloc_free_list
                0x000000002000008c        0x4 e:/ch32_project/mounriver_studio2/resources/app/resources/win32/components/wch/toolchain/risc-v embedded gcc/bin/../lib/gcc/riscv-none-embed/8.2.0/../../../../riscv-none-embed/lib/rv32imacxw/ilp32\libg_nano.a(lib_a-nano-mallocr.o)
                0x000000002000008c                __malloc_free_list
 .sbss.__malloc_sbrk_start
                0x0000000020000090        0x4 e:/ch32_project/mounriver_studio2/resources/app/resources/win32/components/wch/toolchain/risc-v embedded gcc/bin/../lib/gcc/riscv-none-embed/8.2.0/../../../../riscv-none-embed/lib/rv32imacxw/ilp32\libg_nano.a(lib_a-nano-mallocr.o)
                0x0000000020000090                __malloc_sbrk_start
 .sbss.heap_end.1518
                0x0000000020000094        0x4 e:/ch32_project/mounriver_studio2/resources/app/resources/win32/components/wch/toolchain/risc-v embedded gcc/bin/../lib/gcc/riscv-none-embed/8.2.0/../../../../riscv-none-embed/lib/rv32imacxw/ilp32\libnosys.a(sbrk.o)
 *(.gnu.linkonce.sb.*)
 *(.bss*)
 .bss.received1_data
                0x0000000020000098      0x100 ./Drivers/SYSTEM/usart/usart.o
                0x0000000020000098                received1_data
 .bss.esp8266_buf
                0x0000000020000198      0x200 ./Drivers/BSP/ESP12F/esp8266.o
                0x0000000020000198                esp8266_buf
 *(.gnu.linkonce.b.*)
 *(COMMON*)
 COMMON         0x0000000020000398        0x4 e:/ch32_project/mounriver_studio2/resources/app/resources/win32/components/wch/toolchain/risc-v embedded gcc/bin/../lib/gcc/riscv-none-embed/8.2.0/../../../../riscv-none-embed/lib/rv32imacxw/ilp32\libg_nano.a(lib_a-reent.o)
                0x0000000020000398                errno
                0x000000002000039c                . = ALIGN (0x4)
                0x000000002000039c                PROVIDE (_ebss = .)
                [!provide]                        PROVIDE (_end = _ebss)
                0x000000002000039c                PROVIDE (end = .)

.stack          0x000000002000f800      0x800
                [!provide]                        PROVIDE (_heap_end = .)
                0x000000002000f800                . = ALIGN (0x4)
                [!provide]                        PROVIDE (_susrstack = .)
                0x0000000020010000                . = (. + __stack_size)
 *fill*         0x000000002000f800      0x800 
                0x0000000020010000                PROVIDE (_eusrstack = .)
OUTPUT(CH32V307VCT6-USART.elf elf32-littleriscv)

.debug_info     0x0000000000000000     0xb761
 .debug_info    0x0000000000000000       0x4a ./User/ch32v30x_it.o
 .debug_info    0x000000000000004a      0xaa5 ./User/main.o
 .debug_info    0x0000000000000aef      0x2db ./User/system_ch32v30x.o
 .debug_info    0x0000000000000dca     0x174f ./Drivers/SYSTEM/usart/usart.o
 .debug_info    0x0000000000002519      0xaf6 ./Drivers/SYSTEM/delay/delay.o
 .debug_info    0x000000000000300f       0x22 ./Drivers/RISC_V/Startup/startup_ch32v30x_D8C.o
 .debug_info    0x0000000000003031      0x7e5 ./Drivers/CH32V30x_Driver/src/ch32v30x_gpio.o
 .debug_info    0x0000000000003816      0x6c4 ./Drivers/CH32V30x_Driver/src/ch32v30x_misc.o
 .debug_info    0x0000000000003eda      0xcc0 ./Drivers/CH32V30x_Driver/src/ch32v30x_rcc.o
 .debug_info    0x0000000000004b9a     0x2168 ./Drivers/CH32V30x_Driver/src/ch32v30x_tim.o
 .debug_info    0x0000000000006d02      0xb72 ./Drivers/CH32V30x_Driver/src/ch32v30x_usart.o
 .debug_info    0x0000000000007874     0x12e2 ./Drivers/BSP/TaoJC/TaoJC.o
 .debug_info    0x0000000000008b56      0x35a ./Drivers/BSP/Motor/Motor.o
 .debug_info    0x0000000000008eb0      0x720 ./Drivers/BSP/Motor/PWM.o
 .debug_info    0x00000000000095d0      0xb8c ./Drivers/BSP/LED/led.o
 .debug_info    0x000000000000a15c     0x1605 ./Drivers/BSP/ESP12F/esp8266.o

.debug_abbrev   0x0000000000000000     0x20ba
 .debug_abbrev  0x0000000000000000       0x2e ./User/ch32v30x_it.o
 .debug_abbrev  0x000000000000002e      0x215 ./User/main.o
 .debug_abbrev  0x0000000000000243      0x19f ./User/system_ch32v30x.o
 .debug_abbrev  0x00000000000003e2      0x3b1 ./Drivers/SYSTEM/usart/usart.o
 .debug_abbrev  0x0000000000000793      0x27a ./Drivers/SYSTEM/delay/delay.o
 .debug_abbrev  0x0000000000000a0d       0x12 ./Drivers/RISC_V/Startup/startup_ch32v30x_D8C.o
 .debug_abbrev  0x0000000000000a1f      0x20a ./Drivers/CH32V30x_Driver/src/ch32v30x_gpio.o
 .debug_abbrev  0x0000000000000c29      0x1f6 ./Drivers/CH32V30x_Driver/src/ch32v30x_misc.o
 .debug_abbrev  0x0000000000000e1f      0x259 ./Drivers/CH32V30x_Driver/src/ch32v30x_rcc.o
 .debug_abbrev  0x0000000000001078      0x2f7 ./Drivers/CH32V30x_Driver/src/ch32v30x_tim.o
 .debug_abbrev  0x000000000000136f      0x201 ./Drivers/CH32V30x_Driver/src/ch32v30x_usart.o
 .debug_abbrev  0x0000000000001570      0x2de ./Drivers/BSP/TaoJC/TaoJC.o
 .debug_abbrev  0x000000000000184e      0x162 ./Drivers/BSP/Motor/Motor.o
 .debug_abbrev  0x00000000000019b0      0x177 ./Drivers/BSP/Motor/PWM.o
 .debug_abbrev  0x0000000000001b27      0x260 ./Drivers/BSP/LED/led.o
 .debug_abbrev  0x0000000000001d87      0x333 ./Drivers/BSP/ESP12F/esp8266.o

.debug_aranges  0x0000000000000000      0x890
 .debug_aranges
                0x0000000000000000       0x28 ./User/ch32v30x_it.o
 .debug_aranges
                0x0000000000000028       0x20 ./User/main.o
 .debug_aranges
                0x0000000000000048       0x28 ./User/system_ch32v30x.o
 .debug_aranges
                0x0000000000000070       0x68 ./Drivers/SYSTEM/usart/usart.o
 .debug_aranges
                0x00000000000000d8       0x38 ./Drivers/SYSTEM/delay/delay.o
 .debug_aranges
                0x0000000000000110       0x30 ./Drivers/RISC_V/Startup/startup_ch32v30x_D8C.o
 .debug_aranges
                0x0000000000000140       0xa8 ./Drivers/CH32V30x_Driver/src/ch32v30x_gpio.o
 .debug_aranges
                0x00000000000001e8       0x28 ./Drivers/CH32V30x_Driver/src/ch32v30x_misc.o
 .debug_aranges
                0x0000000000000210      0x1a8 ./Drivers/CH32V30x_Driver/src/ch32v30x_rcc.o
 .debug_aranges
                0x00000000000003b8      0x2d0 ./Drivers/CH32V30x_Driver/src/ch32v30x_tim.o
 .debug_aranges
                0x0000000000000688      0x100 ./Drivers/CH32V30x_Driver/src/ch32v30x_usart.o
 .debug_aranges
                0x0000000000000788       0x38 ./Drivers/BSP/TaoJC/TaoJC.o
 .debug_aranges
                0x00000000000007c0       0x28 ./Drivers/BSP/Motor/Motor.o
 .debug_aranges
                0x00000000000007e8       0x28 ./Drivers/BSP/Motor/PWM.o
 .debug_aranges
                0x0000000000000810       0x20 ./Drivers/BSP/LED/led.o
 .debug_aranges
                0x0000000000000830       0x60 ./Drivers/BSP/ESP12F/esp8266.o

.debug_ranges   0x0000000000000000      0x850
 .debug_ranges  0x0000000000000000       0x18 ./User/ch32v30x_it.o
 .debug_ranges  0x0000000000000018       0x10 ./User/main.o
 .debug_ranges  0x0000000000000028       0x38 ./User/system_ch32v30x.o
 .debug_ranges  0x0000000000000060       0x90 ./Drivers/SYSTEM/usart/usart.o
 .debug_ranges  0x00000000000000f0       0x28 ./Drivers/SYSTEM/delay/delay.o
 .debug_ranges  0x0000000000000118       0x28 ./Drivers/RISC_V/Startup/startup_ch32v30x_D8C.o
 .debug_ranges  0x0000000000000140       0x98 ./Drivers/CH32V30x_Driver/src/ch32v30x_gpio.o
 .debug_ranges  0x00000000000001d8       0x48 ./Drivers/CH32V30x_Driver/src/ch32v30x_misc.o
 .debug_ranges  0x0000000000000220      0x198 ./Drivers/CH32V30x_Driver/src/ch32v30x_rcc.o
 .debug_ranges  0x00000000000003b8      0x2f0 ./Drivers/CH32V30x_Driver/src/ch32v30x_tim.o
 .debug_ranges  0x00000000000006a8       0xf0 ./Drivers/CH32V30x_Driver/src/ch32v30x_usart.o
 .debug_ranges  0x0000000000000798       0x28 ./Drivers/BSP/TaoJC/TaoJC.o
 .debug_ranges  0x00000000000007c0       0x18 ./Drivers/BSP/Motor/Motor.o
 .debug_ranges  0x00000000000007d8       0x18 ./Drivers/BSP/Motor/PWM.o
 .debug_ranges  0x00000000000007f0       0x10 ./Drivers/BSP/LED/led.o
 .debug_ranges  0x0000000000000800       0x50 ./Drivers/BSP/ESP12F/esp8266.o

.debug_line     0x0000000000000000     0xb13e
 .debug_line    0x0000000000000000       0x9f ./User/ch32v30x_it.o
 .debug_line    0x000000000000009f      0x51a ./User/main.o
 .debug_line    0x00000000000005b9      0x71f ./User/system_ch32v30x.o
 .debug_line    0x0000000000000cd8      0xe51 ./Drivers/SYSTEM/usart/usart.o
 .debug_line    0x0000000000001b29      0x4bc ./Drivers/SYSTEM/delay/delay.o
 .debug_line    0x0000000000001fe5      0x38e ./Drivers/RISC_V/Startup/startup_ch32v30x_D8C.o
 .debug_line    0x0000000000002373      0xd78 ./Drivers/CH32V30x_Driver/src/ch32v30x_gpio.o
 .debug_line    0x00000000000030eb      0x4db ./Drivers/CH32V30x_Driver/src/ch32v30x_misc.o
 .debug_line    0x00000000000035c6     0x1993 ./Drivers/CH32V30x_Driver/src/ch32v30x_rcc.o
 .debug_line    0x0000000000004f59     0x3300 ./Drivers/CH32V30x_Driver/src/ch32v30x_tim.o
 .debug_line    0x0000000000008259     0x1031 ./Drivers/CH32V30x_Driver/src/ch32v30x_usart.o
 .debug_line    0x000000000000928a      0x6ac ./Drivers/BSP/TaoJC/TaoJC.o
 .debug_line    0x0000000000009936      0x3d2 ./Drivers/BSP/Motor/Motor.o
 .debug_line    0x0000000000009d08      0x4a0 ./Drivers/BSP/Motor/PWM.o
 .debug_line    0x000000000000a1a8      0x45c ./Drivers/BSP/LED/led.o
 .debug_line    0x000000000000a604      0xb3a ./Drivers/BSP/ESP12F/esp8266.o

.debug_str      0x0000000000000000     0x2fca
 .debug_str     0x0000000000000000      0x15a ./User/ch32v30x_it.o
 .debug_str     0x000000000000015a      0x54e ./User/main.o
                                        0x68f (size before relaxing)
 .debug_str     0x00000000000006a8      0x135 ./User/system_ch32v30x.o
                                        0x319 (size before relaxing)
 .debug_str     0x00000000000007dd      0xa43 ./Drivers/SYSTEM/usart/usart.o
                                       0x1088 (size before relaxing)
 .debug_str     0x0000000000001220       0x9e ./Drivers/SYSTEM/delay/delay.o
                                        0x65a (size before relaxing)
 .debug_str     0x00000000000012be       0x66 ./Drivers/RISC_V/Startup/startup_ch32v30x_D8C.o
                                         0x9f (size before relaxing)
 .debug_str     0x0000000000001324      0x298 ./Drivers/CH32V30x_Driver/src/ch32v30x_gpio.o
                                        0x5ca (size before relaxing)
 .debug_str     0x00000000000015bc      0x13a ./Drivers/CH32V30x_Driver/src/ch32v30x_misc.o
                                        0x924 (size before relaxing)
 .debug_str     0x00000000000016f6      0x5ea ./Drivers/CH32V30x_Driver/src/ch32v30x_rcc.o
                                        0x923 (size before relaxing)
 .debug_str     0x0000000000001ce0      0xbdb ./Drivers/CH32V30x_Driver/src/ch32v30x_tim.o
                                        0xed4 (size before relaxing)
 .debug_str     0x00000000000028bb      0x325 ./Drivers/CH32V30x_Driver/src/ch32v30x_usart.o
                                        0x770 (size before relaxing)
 .debug_str     0x0000000000002be0      0x100 ./Drivers/BSP/TaoJC/TaoJC.o
                                        0xfd6 (size before relaxing)
 .debug_str     0x0000000000002ce0       0x6f ./Drivers/BSP/Motor/Motor.o
                                        0x3e9 (size before relaxing)
 .debug_str     0x0000000000002d4f       0x81 ./Drivers/BSP/Motor/PWM.o
                                        0x69f (size before relaxing)
 .debug_str     0x0000000000002dd0       0x42 ./Drivers/BSP/LED/led.o
                                        0x770 (size before relaxing)
 .debug_str     0x0000000000002e12      0x1b8 ./Drivers/BSP/ESP12F/esp8266.o
                                        0x86a (size before relaxing)

.comment        0x0000000000000000       0x33
 .comment       0x0000000000000000       0x33 ./User/ch32v30x_it.o
                                         0x34 (size before relaxing)
 .comment       0x0000000000000033       0x34 ./User/main.o
 .comment       0x0000000000000033       0x34 ./User/system_ch32v30x.o
 .comment       0x0000000000000033       0x34 ./Drivers/SYSTEM/usart/usart.o
 .comment       0x0000000000000033       0x34 ./Drivers/SYSTEM/delay/delay.o
 .comment       0x0000000000000033       0x34 ./Drivers/CH32V30x_Driver/src/ch32v30x_gpio.o
 .comment       0x0000000000000033       0x34 ./Drivers/CH32V30x_Driver/src/ch32v30x_misc.o
 .comment       0x0000000000000033       0x34 ./Drivers/CH32V30x_Driver/src/ch32v30x_rcc.o
 .comment       0x0000000000000033       0x34 ./Drivers/CH32V30x_Driver/src/ch32v30x_tim.o
 .comment       0x0000000000000033       0x34 ./Drivers/CH32V30x_Driver/src/ch32v30x_usart.o
 .comment       0x0000000000000033       0x34 ./Drivers/BSP/TaoJC/TaoJC.o
 .comment       0x0000000000000033       0x34 ./Drivers/BSP/Motor/Motor.o
 .comment       0x0000000000000033       0x34 ./Drivers/BSP/Motor/PWM.o
 .comment       0x0000000000000033       0x34 ./Drivers/BSP/LED/led.o
 .comment       0x0000000000000033       0x34 ./Drivers/BSP/ESP12F/esp8266.o

.debug_frame    0x0000000000000000     0x1610
 .debug_frame   0x0000000000000000       0x30 ./User/ch32v30x_it.o
 .debug_frame   0x0000000000000030       0x28 ./User/main.o
 .debug_frame   0x0000000000000058       0x3c ./User/system_ch32v30x.o
 .debug_frame   0x0000000000000094      0x19c ./Drivers/SYSTEM/usart/usart.o
 .debug_frame   0x0000000000000230       0x78 ./Drivers/SYSTEM/delay/delay.o
 .debug_frame   0x00000000000002a8      0x148 ./Drivers/CH32V30x_Driver/src/ch32v30x_gpio.o
 .debug_frame   0x00000000000003f0       0x30 ./Drivers/CH32V30x_Driver/src/ch32v30x_misc.o
 .debug_frame   0x0000000000000420      0x344 ./Drivers/CH32V30x_Driver/src/ch32v30x_rcc.o
 .debug_frame   0x0000000000000764      0x614 ./Drivers/CH32V30x_Driver/src/ch32v30x_tim.o
 .debug_frame   0x0000000000000d78      0x204 ./Drivers/CH32V30x_Driver/src/ch32v30x_usart.o
 .debug_frame   0x0000000000000f7c       0x90 ./Drivers/BSP/TaoJC/TaoJC.o
 .debug_frame   0x000000000000100c       0x54 ./Drivers/BSP/Motor/Motor.o
 .debug_frame   0x0000000000001060       0x54 ./Drivers/BSP/Motor/PWM.o
 .debug_frame   0x00000000000010b4       0x34 ./Drivers/BSP/LED/led.o
 .debug_frame   0x00000000000010e8      0x144 ./Drivers/BSP/ESP12F/esp8266.o
 .debug_frame   0x000000000000122c       0x48 e:/ch32_project/mounriver_studio2/resources/app/resources/win32/components/wch/toolchain/risc-v embedded gcc/bin/../lib/gcc/riscv-none-embed/8.2.0/../../../../riscv-none-embed/lib/rv32imacxw/ilp32\libg_nano.a(lib_a-vsnprintf.o)
 .debug_frame   0x0000000000001274       0xe0 e:/ch32_project/mounriver_studio2/resources/app/resources/win32/components/wch/toolchain/risc-v embedded gcc/bin/../lib/gcc/riscv-none-embed/8.2.0/../../../../riscv-none-embed/lib/rv32imacxw/ilp32\libg_nano.a(lib_a-nano-svfprintf.o)
 .debug_frame   0x0000000000001354       0x8c e:/ch32_project/mounriver_studio2/resources/app/resources/win32/components/wch/toolchain/risc-v embedded gcc/bin/../lib/gcc/riscv-none-embed/8.2.0/../../../../riscv-none-embed/lib/rv32imacxw/ilp32\libg_nano.a(lib_a-nano-vfprintf_i.o)
 .debug_frame   0x00000000000013e0       0x20 e:/ch32_project/mounriver_studio2/resources/app/resources/win32/components/wch/toolchain/risc-v embedded gcc/bin/../lib/gcc/riscv-none-embed/8.2.0/../../../../riscv-none-embed/lib/rv32imacxw/ilp32\libg_nano.a(lib_a-memchr.o)
 .debug_frame   0x0000000000001400       0x20 e:/ch32_project/mounriver_studio2/resources/app/resources/win32/components/wch/toolchain/risc-v embedded gcc/bin/../lib/gcc/riscv-none-embed/8.2.0/../../../../riscv-none-embed/lib/rv32imacxw/ilp32\libg_nano.a(lib_a-memcpy.o)
 .debug_frame   0x0000000000001420       0x20 e:/ch32_project/mounriver_studio2/resources/app/resources/win32/components/wch/toolchain/risc-v embedded gcc/bin/../lib/gcc/riscv-none-embed/8.2.0/../../../../riscv-none-embed/lib/rv32imacxw/ilp32\libg_nano.a(lib_a-memmove.o)
 .debug_frame   0x0000000000001440       0x40 e:/ch32_project/mounriver_studio2/resources/app/resources/win32/components/wch/toolchain/risc-v embedded gcc/bin/../lib/gcc/riscv-none-embed/8.2.0/../../../../riscv-none-embed/lib/rv32imacxw/ilp32\libg_nano.a(lib_a-nano-freer.o)
 .debug_frame   0x0000000000001480       0x40 e:/ch32_project/mounriver_studio2/resources/app/resources/win32/components/wch/toolchain/risc-v embedded gcc/bin/../lib/gcc/riscv-none-embed/8.2.0/../../../../riscv-none-embed/lib/rv32imacxw/ilp32\libg_nano.a(lib_a-nano-mallocr.o)
 .debug_frame   0x00000000000014c0       0x40 e:/ch32_project/mounriver_studio2/resources/app/resources/win32/components/wch/toolchain/risc-v embedded gcc/bin/../lib/gcc/riscv-none-embed/8.2.0/../../../../riscv-none-embed/lib/rv32imacxw/ilp32\libg_nano.a(lib_a-nano-reallocr.o)
 .debug_frame   0x0000000000001500       0x30 e:/ch32_project/mounriver_studio2/resources/app/resources/win32/components/wch/toolchain/risc-v embedded gcc/bin/../lib/gcc/riscv-none-embed/8.2.0/../../../../riscv-none-embed/lib/rv32imacxw/ilp32\libg_nano.a(lib_a-sbrkr.o)
 .debug_frame   0x0000000000001530       0x30 e:/ch32_project/mounriver_studio2/resources/app/resources/win32/components/wch/toolchain/risc-v embedded gcc/bin/../lib/gcc/riscv-none-embed/8.2.0/../../../../riscv-none-embed/lib/rv32imacxw/ilp32\libg_nano.a(lib_a-mlock.o)
 .debug_frame   0x0000000000001560       0x20 e:/ch32_project/mounriver_studio2/resources/app/resources/win32/components/wch/toolchain/risc-v embedded gcc/bin/../lib/gcc/riscv-none-embed/8.2.0/../../../../riscv-none-embed/lib/rv32imacxw/ilp32\libg_nano.a(lib_a-nano-msizer.o)
 .debug_frame   0x0000000000001580       0x70 e:/ch32_project/mounriver_studio2/resources/app/resources/win32/components/wch/toolchain/risc-v embedded gcc/bin/../lib/gcc/riscv-none-embed/8.2.0/../../../../riscv-none-embed/lib/rv32imacxw/ilp32\libg_nano.a(lib_a-reent.o)
 .debug_frame   0x00000000000015f0       0x20 e:/ch32_project/mounriver_studio2/resources/app/resources/win32/components/wch/toolchain/risc-v embedded gcc/bin/../lib/gcc/riscv-none-embed/8.2.0/../../../../riscv-none-embed/lib/rv32imacxw/ilp32\libnosys.a(sbrk.o)

.debug_loc      0x0000000000000000     0x3b53
 .debug_loc     0x0000000000000000       0xda ./User/system_ch32v30x.o
 .debug_loc     0x00000000000000da      0x40a ./Drivers/SYSTEM/usart/usart.o
 .debug_loc     0x00000000000004e4       0x97 ./Drivers/SYSTEM/delay/delay.o
 .debug_loc     0x000000000000057b      0x657 ./Drivers/CH32V30x_Driver/src/ch32v30x_gpio.o
 .debug_loc     0x0000000000000bd2       0xce ./Drivers/CH32V30x_Driver/src/ch32v30x_misc.o
 .debug_loc     0x0000000000000ca0      0xadb ./Drivers/CH32V30x_Driver/src/ch32v30x_rcc.o
 .debug_loc     0x000000000000177b     0x195e ./Drivers/CH32V30x_Driver/src/ch32v30x_tim.o
 .debug_loc     0x00000000000030d9      0x7bb ./Drivers/CH32V30x_Driver/src/ch32v30x_usart.o
 .debug_loc     0x0000000000003894       0xe1 ./Drivers/BSP/TaoJC/TaoJC.o
 .debug_loc     0x0000000000003975       0x3a ./Drivers/BSP/Motor/Motor.o
 .debug_loc     0x00000000000039af       0x63 ./Drivers/BSP/Motor/PWM.o
 .debug_loc     0x0000000000003a12      0x141 ./Drivers/BSP/ESP12F/esp8266.o
